[{"extension":"md","name":"document1.md","title":"My first document title"},{"extension":"markdown","name":"document2.markdown", "title":"My second document title"},{"extension":"html","name":"document1.html","title":"My first document title"},{"extension":"html","name":"document2.html","title":"My first document title"}]